
Running 38 tests using 1 worker

  ✓   1 e2e/hunjian-chat.spec.ts:242:1 › 已上传素材分析失败：智能预检警示直达重试，标准模式不被误挡 (11.8s)
  ✓   2 e2e/hunjian-chat.spec.ts:305:3 › 方案随素材选择重做：add (3.6s)
  ✓   3 e2e/hunjian-chat.spec.ts:305:3 › 方案随素材选择重做：remove (3.2s)
  ✓   4 e2e/hunjian-chat.spec.ts:305:3 › 方案随素材选择重做：narrow (2.6s)
  ✓   5 e2e/hunjian-chat.spec.ts:355:3 › 素材重做失败可恢复且绝不启动旧方案：cancel (4.0s)
  ✓   6 e2e/hunjian-chat.spec.ts:355:3 › 素材重做失败可恢复且绝不启动旧方案：prepare (3.8s)
  ✓   7 e2e/hunjian-chat.spec.ts:416:1 › 在途方案返回时素材已变化：旧响应不能恢复旧选择或启动 (3.5s)
  ✓   8 e2e/hunjian-chat.spec.ts:457:3 › 样例隔离真实上传（在途=false） (3.1s)
  ✓   9 e2e/hunjian-chat.spec.ts:457:3 › 样例隔离真实上传（在途=true） (3.2s)
  ✓  10 e2e/hunjian-chat.spec.ts:513:1 › 320px 混剪设置触控命中框至少 44px 且不溢出 (2.3s)
  ✓  11 e2e/hunjian-chat.spec.ts:539:1 › chat-first 首屏：无阻塞 alert、无全量参数堆叠，composer 稳定贴底 (3.0s)
  ✓  12 e2e/hunjian-chat.spec.ts:573:1 › composer 输入键：空禁发、Enter 发送、Shift+Enter 换行、IME 229 不发 (2.4s)
  ✓  13 e2e/hunjian-chat.spec.ts:611:1 › 普通问答连两轮：用户消息不重复，答复各自归位 (3.0s)
  ✓  14 e2e/hunjian-chat.spec.ts:638:1 › 创作提案确认沿用 Goal 阶段 material IDs，深链参数保留 (2.8s)
  ✓  15 e2e/hunjian-chat.spec.ts:660:1 › 混剪设置可达：缺素材时直接出片被 blocking 挡住，发送本身不挡 (3.5s)
  ✓  16 e2e/hunjian-chat.spec.ts:691:1 › 错误保留消息并用同一 clientRequestId 重试；长列表不抢滚动 (4.1s)
  ✓  17 e2e/hunjian-chat.spec.ts:754:1 › 真实取消接口仍可达，取消后新会话；直接出片只开一个历史 Dialog (6.7s)
  ✓  18 e2e/hunjian-chat.spec.ts:790:1 › 手机 Enter 不误发；长输入封顶，阅读长历史不抢位置 (4.4s)
  ✓  19 e2e/hunjian-chat.spec.ts:846:1 › 历史URL引用恢复：AI方案被诚实拦截且不建Goal，直接提交入口保留 (2.9s)
  ✓  20 e2e/hunjian-chat.spec.ts:886:1 › Goal冻结部分成功：首个上传落spec.libIds，失败后同一请求重试不重传不丢选择 (2.5s)
  ✓  21 e2e/hunjian-chat.spec.ts:971:1 › 待审批网格仍常开，先不处理可恢复；批准请求只走已有人工门 (2.4s)
  ✓  22 e2e/hunjian-chat.spec.ts:1055:1 › F1 终态但成片列表持续读失败：不假完成、保留先收成片、同任务号继续重查 (5.0s)
  ✓  23 e2e/hunjian-chat.spec.ts:1099:1 › F2 服务端失败终态：server 失败原因可见，终时 toast 中性不诱导换素材重试 (3.3s)
  ✓  24 e2e/hunjian-goal-draft.spec.ts:113:1 › harness 未发送稿刷新恢复，快速刷新不丢 (3.4s)
  ✓  25 e2e/hunjian-goal-draft.spec.ts:129:1 › harness 发送清稿，失败同ID续跑且刷新不复活 (3.3s)
  ✓  26 e2e/hunjian-goal-draft.spec.ts:163:1 › harness 问题选项与历史重发不清除无关新稿 (2.3s)
  ✓  27 e2e/hunjian-goal-draft.spec.ts:200:1 › harness 新会话成功清稿、失败保留 (3.2s)
  ✓  28 e2e/hunjian-goal-draft.spec.ts:225:1 › harness 同挂载换身份不泄漏，blocked storage 照常输入 (3.8s)
  ✓  29 e2e/hunjian-goal-draft.spec.ts:350:1 › /hunjian 未发送稿刷新后恢复 (5.3s)
  ✓  30 e2e/hunjian-goal-draft.spec.ts:387:1 › /hunjian 504 同ID续跑，刷新不复活失败文字 (4.7s)
reading-anchor topDelta=0 before=461 after=461
  ✓  31 e2e/telegram-reading-lifecycle.spec.ts:180:1 › A1 上方富卡异步增高：同一可见元素 top 保持（非 scrollTop 机械不变） (2.8s)
  ✘  32 e2e/telegram-reading-lifecycle.spec.ts:261:1 › A1 贴底跟随 + pinSignal 发送 + jump 回到底 (7.5s)
  ✓  33 e2e/telegram-reading-lifecycle.spec.ts:305:1 › A1 composer 增高 + viewport shrink 阅读保持 + reduced-motion (3.8s)
  ✓  34 e2e/telegram-reading-lifecycle.spec.ts:344:1 › A1 卸载清理：切路由无残留错误，shell 真实 unmount (3.8s)
  ✓  35 e2e/telegram-reading-lifecycle.spec.ts:421:1 › K 上传在途移除：late complete 不得复活 chip、不启动分析轮询 (2.1s)
  ✓  36 e2e/telegram-reading-lifecycle.spec.ts:462:1 › K 分析在途移除：late poll done 不得复活已删 chip (2.2s)
  ✓  37 e2e/telegram-reading-lifecycle.spec.ts:502:1 › K unmount 在途分析：SPA 切路由后 late 回包不写已卸载队列、无页错 (2.2s)
  ✓  38 e2e/telegram-reading-lifecycle.spec.ts:563:1 › 视觉合同截图 1440 + 390（真实 app CSS） (3.1s)


  1) e2e/telegram-reading-lifecycle.spec.ts:261:1 › A1 贴底跟随 + pinSignal 发送 + jump 回到底 ──────────────

    Error: expect(received).toBeLessThan(expected)

    Expected: < 50
    Received:   69

    Call Log:
    - Timeout 5000ms exceeded while waiting on the predicate

      279 |   await expect
      280 |     .poll(() => el.evaluate((n) => n.scrollHeight - n.scrollTop - n.clientHeight))
    > 281 |     .toBeLessThan(50);
          |      ^
      282 |
      283 |   // 贴底时下方 append 跟随（stickRef=true 路径）。
      284 |   await el.evaluate((n) => {
        at chuhai-cloud/web/e2e/telegram-reading-lifecycle.spec.ts:281:6

    Error Context: ../../_archived/telegram-web-learning-20261007/impl/parent-test-results/telegram-reading-lifecycle-A1-贴底跟随-pinSignal-发送-jump-回到底/error-context.md

  1 failed
    e2e/telegram-reading-lifecycle.spec.ts:261:1 › A1 贴底跟随 + pinSignal 发送 + jump 回到底 ───────────────
  37 passed (2.4m)
